// Jest Snapshot v1, https://goo.gl/fbAQLP

exports[`MissionsList MissionsList Tree 1`] = `
<h1>
  Loading...
</h1>
`;
