// Jest Snapshot v1, https://goo.gl/fbAQLP

exports[`RocketsList RocketsList Tree 1`] = `
<h1>
  Loading...
</h1>
`;
